// Jest Snapshot v1, https://goo.gl/fbAQLP

exports[`Deve renderizar corretanmente 1`] = `
<RCTSafeAreaView
  emulateUnlessSupported={true}
  style={
    Object {
      "backgroundColor": "rgba(5,28,45,0.65)",
      "flex": 1,
      "marginTop": 1,
    }
  }
>
  <ActivityIndicator
    animating={true}
    color="#fff"
    hidesWhenStopped={true}
    size="large"
  />
</RCTSafeAreaView>
`;
